[
  { "r1": "testing" },
  { "r2": "2" },
  {},
  { "r3": "3" },
  {},
  { "r4": "true" },
  { "r5": "5" },
  {},
  { "r6": "6" },
  {},
  { "r7": "-1000" },
  { "r8[]": "1", "r8[]": "2", "r8[]": "3" },
  { "[]": "foo", "[]": "bar" },
  {},
  {},
  { "[]": "1", "[]": "2", "[]": "3" },
  { "": "99" },
  { "[]": "foo", "[]": "7", "[]": "bar", "[]": "8", "[]": "baz", "[]": "43" },
  {
    "[]": "foo2",
    "[]": "5",
    "[]": "bar2",
    "[]": "6",
    "[]": "baz2",
    "[]": "41",
    "[]": "42",
    "[]": "42"
  },
  { "": "100", "": "foo" },
  { "": "100", "": "200", "": "42" },
  { "": "100", "": "200", "": "-1" },
  {
    "[]": "V1",
    "[]": "V2",
    "[][]": "V3",
    "[][]": "testing",
    "[][]": "V4",
    "[][]": "255",
    "[][]": "V5",
    "[][]": "V5",
    "[][]": "true"
  },
  { "v2": "A" },
  { "v2[]": "B", "v2[]": "100" },
  { "[]": "C1", "[][]": "C2", "[][]": "true", "[][]": "C2", "[][]": "false" },
  { "[]": "50", "[]": "30", "[]": "1", "[]": "100" }
]